../Core/Src/main.c:75:5:hex_char_to_val	16	static
../Core/Src/main.c:83:8:hex_pair_to_int8	24	static
../Core/Src/main.c:96:6:process_command	96	static
../Core/Src/main.c:151:5:main	32	static
../Core/Src/main.c:237:6:SystemClock_Config	88	static
../Core/Src/main.c:283:13:MX_TIM1_Init	112	static
../Core/Src/main.c:377:13:MX_USART1_UART_Init	8	static
../Core/Src/main.c:410:13:MX_GPIO_Init	24	static
../Core/Src/main.c:427:6:HAL_UART_RxCpltCallback	16	static
../Core/Src/main.c:457:6:Error_Handler	4	static,ignoring_inline_asm
